src/hooks/useCRM.ts(2,23): error TS2459: Module '"../services/crm/leadService"' declares 'Lead' locally, but it is not exported.
src/modules/admin/AgentManager.tsx(16,9): error TS2345: Argument of type 'PostgrestFilterBuilder<any, any, any, any[], "agent_accounts", unknown, "GET">' is not assignable to parameter of type 'Promise<PostgrestResponseFailure | PostgrestResponseSuccess<unknown[]> | PostgrestResponseSuccess<unknown>>'.
  Type 'PostgrestFilterBuilder<any, any, any, any[], "agent_accounts", unknown, "GET">' is missing the following properties from type 'Promise<PostgrestResponseFailure | PostgrestResponseSuccess<unknown[]> | PostgrestResponseSuccess<unknown>>': catch, finally, [Symbol.toStringTag]
src/modules/admin/LicenseManager.tsx(201,8): error TS2739: Type '{ children: Element; isOpen: boolean; onClose: () => void; title: string; }' is missing the following properties from type 'DialogProps': onConfirm, description
src/modules/admin/ReviewManager.tsx(76,67): error TS2304: Cannot find name 'TrendingDown'.
src/modules/admin/WebinarManager.tsx(42,7): error TS2345: Argument of type 'PostgrestFilterBuilder<any, any, any, any[], "webinars", unknown, "GET">' is not assignable to parameter of type 'Promise<PostgrestResponseFailure | PostgrestResponseSuccess<Webinar[]> | PostgrestResponseSuccess<Webinar>>'.
  Type 'PostgrestFilterBuilder<any, any, any, any[], "webinars", unknown, "GET">' is missing the following properties from type 'Promise<PostgrestResponseFailure | PostgrestResponseSuccess<Webinar[]> | PostgrestResponseSuccess<Webinar>>': catch, finally, [Symbol.toStringTag]
src/modules/admin/WebinarManager.tsx(294,8): error TS2739: Type '{ children: Element; isOpen: boolean; onClose: () => void; title: string; }' is missing the following properties from type 'DialogProps': onConfirm, description
